Fujitsu C/C++ Version 4.7.0   Wed Nov  2 15:04:41 2022
Compilation information
  Current directory : /lustre/home/gapinzon/arm_code/HPCG_for_Arm/ookami_fj
  Source file       : ../src/finalize.cpp
(line-no.)(optimize)
        1             
        2             //@HEADER
        3             // ***************************************************
        4             //
        5             // HPCG: High Performance Conjugate Gradient Benchmark
        6             //
        7             // Contact:
        8             // Michael A. Heroux ( maherou@sandia.gov)
        9             // Jack Dongarra     (dongarra@eecs.utk.edu)
       10             // Piotr Luszczek    (luszczek@eecs.utk.edu)
       11             //
       12             // ***************************************************
       13             //@HEADER
       14             
       15             #include <fstream>
       16             
       17             #include "hpcg.hpp"
       18             
       19             /*!
       20               Closes the I/O stream used for logging information throughout the HPCG run.
       21             
       22               @return returns 0 upon success and non-zero otherwise
       23             
       24               @see HPCG_Init
       25             */
       26             int
       27             HPCG_Finalize(void) {
       28    i          HPCG_fout.close();
       29               return 0;
       30             }
